// Jest Snapshot v1, https://goo.gl/fbAQLP

exports[`createIntegrationHelpers createMultiClassEntityMetadata 1`] = `
[
  {
    "message": "must have required property '_key'",
    "property": "_key",
    "schemaId": "#multi",
    "validation": "required",
  },
  {
    "message": "must have required property 'name'",
    "property": "name",
    "schemaId": "#multi",
    "validation": "required",
  },
  {
    "message": "must have required property 'displayName'",
    "property": "displayName",
    "schemaId": "#multi",
    "validation": "required",
  },
  {
    "message": "must have required property 'category'",
    "property": "category",
    "schemaId": "#multi",
    "validation": "required",
  },
  {
    "message": "must have required property 'displayName'",
    "property": "displayName",
    "schemaId": "#multi",
    "validation": "required",
  },
  {
    "message": "must have required property 'ipv4Addresses'",
    "property": "ipv4Addresses",
    "schemaId": "#multi",
    "validation": "required",
  },
  {
    "message": "must have required property 'ipv6Addresses'",
    "property": "ipv6Addresses",
    "schemaId": "#multi",
    "validation": "required",
  },
  {
    "message": "must have required property 'macAddresses'",
    "property": "macAddresses",
    "schemaId": "#multi",
    "validation": "required",
  },
  {
    "message": "must have required property 'publicIpAddresses'",
    "property": "publicIpAddresses",
    "schemaId": "#multi",
    "validation": "required",
  },
  {
    "message": "must have required property 'privateIpAddresses'",
    "property": "privateIpAddresses",
    "schemaId": "#multi",
    "validation": "required",
  },
  {
    "message": "must have required property 'hostname'",
    "property": "hostname",
    "schemaId": "#multi",
    "validation": "required",
  },
  {
    "message": "must have required property 'fqdn'",
    "property": "fqdn",
    "schemaId": "#multi",
    "validation": "required",
  },
  {
    "message": "must have required property 'serial'",
    "property": "serial",
    "schemaId": "#multi",
    "validation": "required",
  },
  {
    "message": "must have required property 'deviceId'",
    "property": "deviceId",
    "schemaId": "#multi",
    "validation": "required",
  },
  {
    "message": "must have required property 'lastSeenOn'",
    "property": "lastSeenOn",
    "schemaId": "#multi",
    "validation": "required",
  },
  {
    "message": "must have required property 'make'",
    "property": "make",
    "schemaId": "#multi",
    "validation": "required",
  },
  {
    "message": "must have required property 'model'",
    "property": "model",
    "schemaId": "#multi",
    "validation": "required",
  },
  {
    "message": "must have required property 'osName'",
    "property": "osName",
    "schemaId": "#multi",
    "validation": "required",
  },
  {
    "message": "must have required property 'osType'",
    "property": "osType",
    "schemaId": "#multi",
    "validation": "required",
  },
  {
    "message": "must have required property 'osDetails'",
    "property": "osDetails",
    "schemaId": "#multi",
    "validation": "required",
  },
  {
    "message": "must have required property 'osVersion'",
    "property": "osVersion",
    "schemaId": "#multi",
    "validation": "required",
  },
  {
    "message": "must have required property '_key'",
    "property": "_key",
    "schemaId": "#multi",
    "validation": "required",
  },
  {
    "message": "must have required property 'name'",
    "property": "name",
    "schemaId": "#multi",
    "validation": "required",
  },
  {
    "message": "must have required property 'displayName'",
    "property": "displayName",
    "schemaId": "#multi",
    "validation": "required",
  },
  {
    "message": "must have required property 'category'",
    "property": "category",
    "schemaId": "#multi",
    "validation": "required",
  },
  {
    "message": "must have required property 'displayName'",
    "property": "displayName",
    "schemaId": "#multi",
    "validation": "required",
  },
  {
    "message": "must have required property 'ipv4Addresses'",
    "property": "ipv4Addresses",
    "schemaId": "#multi",
    "validation": "required",
  },
  {
    "message": "must have required property 'ipv6Addresses'",
    "property": "ipv6Addresses",
    "schemaId": "#multi",
    "validation": "required",
  },
  {
    "message": "must have required property 'macAddresses'",
    "property": "macAddresses",
    "schemaId": "#multi",
    "validation": "required",
  },
  {
    "message": "must have required property 'publicIpAddresses'",
    "property": "publicIpAddresses",
    "schemaId": "#multi",
    "validation": "required",
  },
  {
    "message": "must have required property 'privateIpAddresses'",
    "property": "privateIpAddresses",
    "schemaId": "#multi",
    "validation": "required",
  },
  {
    "message": "must have required property 'hostname'",
    "property": "hostname",
    "schemaId": "#multi",
    "validation": "required",
  },
  {
    "message": "must have required property 'fqdn'",
    "property": "fqdn",
    "schemaId": "#multi",
    "validation": "required",
  },
  {
    "message": "must have required property 'serial'",
    "property": "serial",
    "schemaId": "#multi",
    "validation": "required",
  },
  {
    "message": "must have required property 'deviceId'",
    "property": "deviceId",
    "schemaId": "#multi",
    "validation": "required",
  },
  {
    "message": "must have required property 'lastSeenOn'",
    "property": "lastSeenOn",
    "schemaId": "#multi",
    "validation": "required",
  },
  {
    "message": "must have required property 'make'",
    "property": "make",
    "schemaId": "#multi",
    "validation": "required",
  },
  {
    "message": "must have required property 'model'",
    "property": "model",
    "schemaId": "#multi",
    "validation": "required",
  },
  {
    "message": "must have required property 'osName'",
    "property": "osName",
    "schemaId": "#multi",
    "validation": "required",
  },
  {
    "message": "must have required property 'osType'",
    "property": "osType",
    "schemaId": "#multi",
    "validation": "required",
  },
  {
    "message": "must have required property 'osDetails'",
    "property": "osDetails",
    "schemaId": "#multi",
    "validation": "required",
  },
  {
    "message": "must have required property 'osVersion'",
    "property": "osVersion",
    "schemaId": "#multi",
    "validation": "required",
  },
  {
    "message": "must have required property 'id'",
    "property": "id",
    "schemaId": "#multi",
    "validation": "required",
  },
  {
    "message": "must have required property 'name'",
    "property": "name",
    "schemaId": "#multi",
    "validation": "required",
  },
  {
    "message": "must have required property 'someNewProperty'",
    "property": "someNewProperty",
    "schemaId": "#multi",
    "validation": "required",
  },
]
`;
